[    0.000000] Linux version 4.15.0-65-generic(bildd@lgw01-amd64-006) (gcc version 7.4.0 (Ubuntu 7.4.0-1ubuntu1~18.04.1)) #74-Ubuntu SMP Tue Sep 17 17:06:04 UTC 2019 (Ubuntu 4.15.0-65.74-generic 4.15.18)
[    0.000000] Command line: BOOT_IMAGE=/boot/vmlinuz-4.15.0-65-generic root=LABEL=cloudimg-rootfs ro console=tty1 console=ttyS0
[    0.000000] KERNEL supported cpus:
[    0.000000]   Intel GenuineIntel
[    0.000000]   AMD AuthenticAMD
[    0.000000]   Centaur CentaurHauls
[    0.000000] x86/fpu: Supporting XSAVE feture 0x001: 'x87 floating point registers'
    0.000000] x86/fpu: Supporting XSAVE feaur 0x002: 'SSE registers'
[    0.000000] x86/fpu: Supporting XSAVE feature 0x004: 'AVX registers'[    0.000000]x86/fpu xtate_offst[]:  76 xste_sizes[2: 256
[   0000000x86/fp: Enled xstae feures 0x7, context size is 832 bytes, using 'standard' format.
[    0.000000] e820: BIOS-provided physical RAM map:
[    0.000000] BIOS-e820: [me 000000000000000x000000000009fbff] usabl
    .000000] BIOS-e820: [me 0x000000000009fc00-0x000000000009ffff] reserved
[    0.000000] BIOS-e820: [mem 0x00000000000f0000-0x00000000000fffff] reserved
[    0.000000] BIOS-e820: mem 0x0000000000100000-0x000000003ffeffff] usable
[    0.000000] BIOS-e82 [mem 0x000000003fff0000-0x000000003fffffff] ACPI data
[    0.000000] BIOS-e820: [mem 0x00000000fec00000-0x00000000fec00fff] reserved
[    0.000000] BIOS-e820: [mem 0x00000000fee00000-0x00000000fee00fff] reserved
[    0.000000] BIOS-e820: [mem 0x00000000fffc0000-0x00000000ffffffff] reserved
[    0.000000] NX (Execute Disable) protection: active
[    0.000000] SMBIO 2.5 present.
[    0.000000] DMI: innotek GmbH VirtualBox/VirtualBox, BIOS VirtualBox 12/01/2006
[    0.000000] Hypervisor detected: KVM
[    0.000000] e820: last_pfn = 0x3fff0 max_arch_pfn = 0x400000000
[    0.000000] MTRR: Disabled
[    0.000000] x86/PAT: MTRRs disabled, skipping PAT initialization too.
[    0.000000] CPU MTRRs al blank - virtualized system.
[    0.000000] x86/PAT: Configuration [0-7]: WB  WT  UC- UC  WB  WT  UC- UC  
[    0.000000] found SMP MP-table at [mem 0x0009fff0-0x0009ffff]
[    0.00000] Scanning 1 areas for low memory corruption
[    0.000000] RAMDISK: [mem 0x35a8b000-0x36d3cfff]
[    0.000000] ACPI: Early table checksm verication dsaled
[  0.00000] CPI: RDP0x000000000000 0024 (v02 VBOX  )
[    0.000000] ACPI: XSDT 0x000000003FFF0030 00003C (v01 VBOX   VBOXXSDT 00000001 ASL  00000061)
[    0.000000] ACPI: FACP 0x000000003FFF00F0 0000F4 (v04 VBOX   VBOXFACP 00000001 ASL  00000061)
[    0.000000] ACPI: DSDT 0x000000003FFF0470 0021FF (v02 VBOX   VBOXBIOS 00000002 INTL 20180105)
[    0.000000] ACPI: FACS 0x000000003FFF0200 000040
[  0.000000] ACI:FACS 0x00000000FFF0200 00040[    0000000] ACPI: APIC 0x000000003FFF0240 00005C (v02 VBOX   VBOXAPIC 00000001 ASL  00000061)
[    0.000000] ACPI: SSDT 0x000000003FFF02A0 0001CC (v01 VBOX   VBOXCPUT 00000002 INTL 20180105)
[    0.000000] No NUA configurtion found
[    0.000000] Faking a node at [mem 0x0000000000000000-0x000000003ffeffff]
[    0.000000] NODE_DATA(0) allocated [mem 0x3ffc5000-0x3ffeffff]
[    0.000000] kvm-clock: cpu 0, msr 0:3ff44001, primary cpu clock
[    0.000000] kvm-clock: Using msrs 4b564d01 and 4b564d00
[    0.000000] kvm-clock: using sched offset of 4357727167 cycles
[    0.000000] clocksource: kvm-clock: mask: 0xffffffffffffffff max_cycles: 0x1cd42e4dffb, max_idle_ns: 881590591483 ns
[    0.000000] Zone ranges:
[    0.000000]   DMA      [mem 0x0000000000001000-0x0000000000ffffff]
[    0.000000]   DMA32    [mem 0x0000000001000000-0x000000003ffeffff]
[    0.000000]   Normal   empty
[    0.000000]   Device   empty
[    0.000000] Movable zone start for each node
[    0.000000] Early memory node ranges
[    0.000000]   node   0: [mem 0x0000000000001000-0x000000000009efff]
[    0.000000]   node   0: [mem 0x0000000000100000-0x000000003ffeffff]
[    0.000000] Reserved but unavailable: 98 pags
[   0.000000]Initmem setup node 0 [mem 0x0000000000001000-0x000000003ffeffff]
[    0.000000] ACPI: PM-Time IO Port: 0x4008
[    0.000000] IOAPIC[0: apic_id 2, version 32, address 0xfec00000, GSI 0-23
[    0.000000] ACPI: INT_SRC_OVR (bus 0 bus_irq 0 global_irq 2 dfl dfl)
[    0.000000] ACPI: INT_SRC_OVR (bus 0 bus_irq 9 global_irq 9 low level)
[    0.000000] Using ACPI (MADT) for SMP configuration information
[    0.000000] smpboot: Allowing 2 CPUs, 0 hotplug CPUs
[    0.000000] PM: Registered nosave memory: [mem 0x00000000-0x00000fff]
[    0.000000] PM: Registered nosave memory: [mem 0x0009f000-0x0009ffff]
[    0.000000] PM: Registered nosave memory: [mem 0x000a0000-0x000effff]
[    0.000000] PM: Registered nosave memory: [mem 0x000f0000-0x000fffff]
[    .00000] 82: [mem 0x40000000-0xfebfffff] available for PCI devices
[    0.000000] Booting paravirtualized kernel on KVM
[    0.000000] clocksource: refined-jiffies: mask: 0xffffffff max_cycles: 0xffffffff, max_idle_ns: 7645519600211568 ns
[    0.000000] random: get_random_bytes called from start_kernel+0x99/0x4fd with crng_init=0
[    0.000000] setup_percpu: NR_CPUS:8192 nr_cpumask_bits:2 nr_cpu_ids:2 nr_node_ids:1
[    0.000000] percpu: Embedded 46 pages/cpu s151552 r8192 d28672 u1048576
[    0.000000] PV qspinlock hash table entries: 256 (order: 0, 4096 bytes)
[    0.000000] Built 1 zonelists, mobility grouping on.  Total pages: 257913
[    0.000000] Policy zone: DMA32
[    0.000000] Kernel command line: BOOT_IMAGE=/boot/vmlinuz-4.15.0-65-generic root=LABEL=cloudimg-rootfs ro console=tty1 console=ttyS0
[    0.000000] Memory: 983436K/1048120K available (12300K kernel code, 2481K rwdata, 4256K rodata, 2436K init, 2388K bss, 64684K reserved, 0K cma-reserved)
[    0.000000] SLUB: HWalign=64, Order=0-3, MinObjects=0, CPUs=2, Nodes=1
[    0.000000] Kernel/User page tables isolation: enabled
[    0.000000] ftrace: allocating 39301 entries in 154 pages
[    0.004000] Hierarchical RCU implementation.
[    0.004000] 	RCU restricting CPUs from NR_CPUS=8192 to nr_cpu_ids=2.
[    0.004000] 	Tasks RCU enabled.
[    0.004000] RCU: Adjusting geometry for rcu_fanout_leaf=16, nr_cpu_ids=2
[    0.004000] NR_IRQS: 524544, nr_irqs: 440, preallocated irqs: 16
[    0.004000] Console: colour VGA+ 80x25
[    0.004000] console [tty1] enabled
[    0.004000] console [ttyS0] enabled
[    0.004000] ACPI: Core revision 20170831
[    0.004000] ACPI: 2 ACPI AML tables successfully acquired and loaded
[    0.004000] APIC: Switch tosymmetric I/O mode setup
[    0.004294] x2apic enabled
[    0.008003] Switched APIC routing to physical x2apic.
[    0.009682] ..TIMER: vector=0x30 apic1=0 pin1=2 apic2=-1 pin2=-1
[    0.012005] tsc: Detected 2495.998 MHz processor
[    0.012646] Calibrating delay loop (skipped) preset value.. 4991.99 BogoMIPS (lpj=9983992)
[    0.013206] pid_max: default: 32768 minimum: 301
[    0.016073] Security Framework initialized
[    0.020006] Yama: becoming mindful.
[    0.020511] AppArmor: AppArmor initialized
[    0.021575] Dentry cache hash table entries: 131072 (order: 8, 1048576 bytes)
[    0.028026] Inode-cache hash table entries: 65536 (order: 7, 524288 bytes)
[    0.032027] Mount-cache hash table entries: 2048 (order: 2, 16384 bytes)
[    0.032906] Mountpoint-cache hash table entries: 2048 (order: 2, 16384 bytes)
[    0.034056] Last level iTLB entries: 4KB 128, 2MB 8, 4MB 8
[    0.034798] Last level dTLB entries: 4KB 64, 2MB 0, 4MB 0, 1GB 4
[    0.036006] Spectre V1 : Mitigation: usercopy/swapgs barriers and __user pointer sanitization
[    0.040003] Spectre V2 : Mitigation: Full generic retpoline
[    0.040825] Spectre V2 : Spectre v2 / SpectreRSB mitigation: Filling RSB on context switch
[    0.041880] Speculative Store Bypass: Vulnerable
[    0.042508] MDS: Mitigation: Clear CPU buffers
[    0.044234] Freeing SMP alternatives memory: 36K
[    0.155737] smpboot: CPU0: Intel(R) Core(TM) i5-7300HQ CPU @ 2.50GHz (family: 0x6, model: 0x9e, stepping: 0x9)
[    0.156087] Performance Events: unsupported p6 CPU model 158 no PMU driver, software events only.
[    0.160056] Hierarchical SRCU implementation.
[    0.161265] NMI watchdog: Perf event create on CPU 0 failed with -2
[    0.164002] NMI watchdog: Perf NMI watchdog permanently disabled
[    0.164909] smp: Bringing up secondary CPUs ...
[    0.165676] x86: Booting SMP configuration:
[    0.166225] .... node  #0, CPUs:      #1
[    0.004000] kvm-clock: cpu 1, msr 0:3ff44041, secondary cpu clock
[    0.180023] smp: Brought up 1 node, 2 CPUs
[    0.180624] smpboot: Max logical packages: 1
[    0.181212] smpboot: Total of 2 processors activated (9983.99 BogoMIPS)
[    0.184120] devtmpfs: initialized
[    0.188064] x86/mm: Memory block size: 128MB
[    0.192251] evm: security.selinux
[    0.196009] evm: security.SMACK64
[    0.200006] evm: security.SMACK64EXEC
[    0.204004] evm: security.SMACK64TRANSMUTE
[    0.204600] evm: security.SMACK64MMAP
[    0.205133] evm: security.apparmor
[    0.208004] evm: security.ima
[    0.212004] evm: security.capability
[    0.216123] clocksource: jiffies: mask: 0xffffffff max_cycles: 0xffffffff, max_idle_ns: 7645041785100000 ns
[    0.220015] futex hash table entries: 512 (order: 3, 32768 bytes)
[    0.221316] pinctrl core: initialized pinctrl subsystem
[    0.222117] RTC time: 19:30:04, date: 01/19/20
[    0.222840] NET: Registered protocol family 16
[    0.224062] audit: initializing netlink subsys (disabled)
[    0.224840] audit: type=2000 audit(1579462205.895:1): state=initialized audit_enabled=0 res=1
[    0.225181] cpuidle: using governor ladder
[    0.225181] cpuidle: using governor menu
[    0.225308] ACPI: bus type PCI registered
[    0.228003] acpiphp: ACPI Hot Plug PCI Controller Driver version: 0.5
[    0.232103] PCI: Using configuration type 1 for base access
[    0.232909] HugeTLB registered 2.00 MiB page size, pre-allocated 0 pages
[    0.236073] ACPI: Added _OSI(Module Device)
[    0.240009] ACPI: Added _OSI(Processor Device)
[    0.244005] ACPI: Added _OSI(3.0 _SCP Extensions)
[    0.248004] ACPI: Added _OSI(Processor Aggregator Device)
[    0.248747] ACPI: Added _OSI(Linux-Dell-Video)
[    0.249319] ACPI: Added _OSI(Linux-Lenovo-NV-HDMI-Audio)
[    0.250026] ACPI: Added _OSI(Linux-HPI-Hybrid-Graphics)
[    0.252238] ACPI: Executed 1 blocks of module-level executable AML code
[    0.262519] ACPI: Interpreter enabled
[    0.264021] ACPI: (supports S0 S5)
[    0.264489] ACPI: Using IOAPIC for interrupt routing
[    0.268213] PCI: Using host bridge windows from ACPI; if necessary, use "pci=nocrs" and report a bug
[    0.269475] ACPI: Enabled 2 GPEs in block 00 to 07
[    0.275448] ACPI: PCI Root Bridge [PCI0] (domain 0000 [bus 00-ff])
[    0.276014] acpi PNP0A03:00: _OSC: OS supports [ASPM ClockPM Segments MSI]
[    0.280039] acpi PNP0A03:00: _OSC: not requesting OS control; OS requires [ExtendedConfig ASPM ClockPM MSI]
[    0.284019] acpi PNP0A03:00: fail to add MMCONFIG information, can't access extended PCI configuration space under this bridge.
[    0.288361] PCI host bridge to bus 0000:00
[    0.292026] pci_bus 0000:00: root bus resource [io  0x0000-0x0cf7 window]
[    0.296008] pci_bus 0000:00: root bus resource [io  0x0d00-0xffff window]
[    0.300003] pci_bus 0000:00: root bus resource [mem 0x000a0000-0x000bffff window]
[    0.304003] pci_bus 0000:00: root bus resource [mem 0x40000000-0xfdffffff window]
[    0.308008] pci_bus 0000:00: root bus resource [bus 00-ff]
[    0.313584] pci 0000:00:01.1: legacy IDE quirk: reg 0x10: [io  0x01f0-0x01f7]
[    0.316006] pci 0000:00:01.1: legacy IDE quirk: reg 0x14: [io  0x03f6]
[    0.320005] pci 0000:00:01.1: legacy IDE quirk: reg 0x18: [io  0x0170-0x0177]
[    0.324002] pci 0000:00:01.1: legacy IDE quirk: reg 0x1c: [io  0x0376]
[    0.346319] pci 0000:00:07.0: quirk: [io  0x4000-0x403f] claimed by PIIX4 ACPI
[    0.348033] pci 0000:00:07.0: quirk: [io  0x4100-0x410f] claimed by PIIX4 SMB
[    0.361305] ACPI: PCI Interrupt Link [LNKA] (IRQs 5 9 10 *11)
[    0.364326] ACPI: PCI Interrupt Link [LNKB] (IRQs 5 9 *10 11)
[    0.365225] ACPI: PCI Interrupt Link [LNKC] (IRQs 5 *9 10 11)
[    0.368140] ACPI: PCI Interrupt Link [LNKD] (IRQs 5 9 10 *11)
[    0.376251] SCSI subsystem initialized
[    0.376854] pci 0000:00:02.0: vgaarb: setting as boot VGA device
[    0.376854] pci 0000:00:02.0: vgaarb: VGA device added: decodes=io+mem,owns=io+mem,locks=none
[    0.378015] pci 0000:00:02.0: vgaarb: bridge control possible
[    0.378782] vgaarb: loaded
[    0.380022] ACPI: bus type USB registered
[    0.380598] usbcore: registered new interface driver usbfs
[    0.381322] usbcore: registered new interface driver hub
[    0.384017] usbcore: registered new device driver usb
[    0.388098] EDAC MC: Ver: 3.0.0
[    0.388720] PCI: Using ACPI for IRQ routing
[    0.392233] NetLabel: Initializing
[    0.395542] NetLabel:  domain hash size = 128
[    0.396004] NetLabel:  protocols = UNLABELED CIPSOv4 CALIPSO
[    0.400025] NetLabel:  unlabeled traffic allowed by default
[    0.404075] clocksource: Switched to clocksource kvm-clock
[    0.413872] VFS: Disk quotas dquot_6.6.0
[    0.551508] VFS: Dquot-cache hash table entries: 512 (order 0, 4096 bytes)
[    0.552518] AppArmor: Apprmor ilesystem Enabled
[    0.599728] pnp: PnP ACPI init
[    0.601023] pnp: PnP ACPI: found 3 devices

[  01055] clocksource: acpi_pm: mask: 0xffffff max_cycles: 0xffffff, max_idle_ns: 2085701024 ns
[   0.727396] NET: Registered protocol family 2
[    0.915902] TCP established hash table entries: 8192 (order: 4, 65536 bytes)
[    0.931100] TCP bind hash table entries: 8192 (order: 5, 131072 bytes)
[    0.971395] TCP: Hash tables nfur (stablished 8192 bind 8192)
[    1.13460] UDP hash table entries: 512 (order: 2, 16384 bytes)
[    1.174568] UDP-Lite hash table entries: 5 (orer2,634 te
  1.800]ET Ristered protocol family 1
[    1.700722] pci 0000:00:00.0: Limiting direct PCI/PCI transfers
[    1.7010] pci 0000001.: ctating ISA DMA hang workarounds
[    1.951411] pci 0000:00:.0Vio device with haow R at [mem 0x000c0000-0x000fff]

[    2.272171] Unpacking initramfs...
[    2.542995] Freeing initrd memory: 19144K
[    2.550817] clocksource: tsc: mask: 0xffffffffffffffff max_cycles: 0x23fa754787d, max_idle_ns: 440795210092 ns
[    2.557562] platform rtc_cmos: registered platform RTC device (no PNP device found)
[    2.563914] Scanning for low memory corruption every 60 seconds
[    2.572244] Initialise system trusted keyrings
[    2.572891] Key type blacklist registered
[    2.573531] workingset: timestamp_bits=36 max_order=18 bucket_order=0
[    2.588351] zbud: loaded
[    2.667413] squashfs: version 4.0 (2009/01/31) Phillip Lougher
[    2.707990] fuse init (API version 7.26)
[    2.723992] Key type asymmetric registered
[    2.724615] Asymmetric key parser 'x509' registered
[    2.726358] Block layer SCSI generic (bsg) driver version 0.4 loaded (major 246)
[    2.727428] io scheduler noop registered
[    2.728087] io scheduler deadline registered
[    2.732653] io scheduler cfq registered (default)
[    2.751060] ACPI: AC Adapter [AC] (on-line)
[    2.751715] input: Power Button as /devices/LNXSYSTM:00/LNXPWRBN:00/input/input0
[    2.758507] ACPI: Power Button [PWRF]
[    2.759110] input: Sleep Button as /devices/LNXSYSTM:00/LNXSLPBN:00/input/input1
[    2.760246] ACPI: Sleep Button [SLPF]
[    2.761722] ACPI: Battery Slot [BAT0] (battery present)
[    2.762497] Serial: 8250/16550 driver, 32 ports, IRQ sharing enabled
[    2.797803] 00:02: ttyS0 at I/O 0x3f8 (irq = 4, base_baud = 115200) is a 16550A
[    2.803646] Linux agpgart interface v0.103
[    2.805559] loop: module loaded
[    2.812853] scsi host0: ata_piix
[    2.844520] scsi host1: ata_piix
[    2.845028] ata1: PATA max UDMA/33 cmd 0x1f0 ctl 0x3f6 bmdma 0xd000 irq 14
[    2.845889] ata2: PATA max UDMA/33 cmd 0x170 ctl 0x376 bmdma 0xd008 irq 15
[    2.847252] libphy: Fixed MDIO Bus: probed
[    2.847827] tun: Universal TUN/TAP device driver, 1.6
[    2.848605] PPP generic driver version 2.4.2
[    2.849307] ehci_hcd: USB 2.0 'Enhanced' Host Controller (EHCI) Driver
[    2.850159] ehci-pci: EHCI PCI platform driver
[    2.850743] ehci-platform: EHCI generic platform driver
[    2.871210] ohci_hcd: USB 1.1 'Open' Host Controller (OHCI) Driver
[    2.872022] ohci-pci: OHCI PCI platform driver
[    2.877986] ohci-platform: OHCI generic platform driver
[    2.878699] uhci_hcd: USB Universal Host Controller Interface driver
[    2.879611] i8042: PNP: PS/2 Controller [PNP0303:PS2K,PNP0f03:PS2M] at 0x60,0x64 irq 1,12
[    2.881086] serio: i8042 KBD port at 0x60,0x64 irq 1
[    2.886957] serio: i8042 AUX port at 0x60,0x64 irq 12
[    2.887792] mousedev: PS/2 mouse device common for all mice
[    2.889000] input: AT Translated Set 2 keyboard as /devices/platform/i8042/serio0/input/input2
[    2.890447] rtc_cmos rtc_cmos: rtc core: registered rtc_cmos as rtc0
[    2.891370] rtc_cmos rtc_cmos: alarms up to one day, 114 bytes nvram
[    2.892218] i2c /dev entries driver
[    2.892784] device-mapper: uevent: version 1.0.3
[    2.893478] device-mapper: ioctl: 4.37.0-ioctl (2017-09-20) initialised: dm-devel@redhat.com
[    2.900040] ledtrig-cpu: registered to indicate activity on CPUs
[    2.901319] NET: Registered protocol family 10
[    2.905485] Segment Routing with IPv6
[    2.906032] NET: Registered protocol family 17
[    2.906671] Key type dns_resolver registered
[    2.907409] mce: Using 0 MCE banks
[    2.907933] RAS: Correctable Errors collector initialized.
[    2.908728] sched_clock: Marking stable (2908693436, 0)->(8775203250, -5866509814)
[    2.910406] registered taskstats version 1
[    2.912726] Loading compiled-in X.509 certificates
[    2.915784] Loaded X.509 cert 'Build time autogenerated kernel key: 3a65b6a3c8b5d6b297d77c25be9161529933bc49'
[    2.947091] zswap: loaded using pool lzo/zbud
[    2.968838] Key type big_key registered
[    2.982996] Key type trusted registered
[    2.985493] Key type encrypted registered
[    2.986098] AppArmor: AppArmor sha1 policy hashing enabled
[    2.997404] ima: No TPM chip found, activating TPM-bypass! (rc=-19)
[    2.998231] ima: Allocated hash algorithm: sha1
[    2.998880] evm: HMAC attrs: 0x1
[    2.999576]   Magic number: 4:889:546
[    3.000146] tty ttyS22: hash matches
[    3.005878] mem null: hash matches
[    3.006524] rtc_cmos rtc_cmos: setting system clock to 2020-01-19 19:30:08 UTC (1579462208)
[    3.023043] BIOS EDD facility v0.16 2004-Jun-25, 0 devices found
[    3.023874] EDD information not available.
[    3.091032] Freeing unused kernel image memory: 2436K
[    3.164154] Write protecting the kernel read-only data: 20480k
[    3.194802] Freeing unused kernel image memory: 2008K
[    3.223597] Freeing unused kernel image memory: 1888K
[    3.230627] x86/mm: Checked W+X mappings: passed, no W+X pages found.
[    3.277016] x86/mm: Checking user space page tables
[    3.283772] x86/mm: Checked W+X mappings: passed, no W+X pages found.
Loading, please wait...
starting version 237
[    3.341456] e1000: Intel(R) PRO/1000 Network Driver - version 7.3.21-k8-NAPI
[    3.364671] e1000: Copyright (c) 1999-2006 Intel Corporation.
[    3.456128] Fusion MPT base driver 3.04.20
[    3.456784] Copyright (c) 1999-2008 LSI Corporation
[    3.460502] Fusion MPT SPI Host driver 3.04.20
[    3.476957] AVX2 version of gcm_enc/dec engaged.
[    3.477646] AES CTR mode by8 optimization enabled
[    3.657314] input: ImExPS/2 Generic Explorer Mouse as /devices/platform/i8042/serio1/input/input4
[    3.883082] e1000 0000:00:03.0 eth0: (PCI:33MHz:32-bit) 02:82:7a:7b:51:94
[    4.087234] e1000 0000:00:03.0 eth0: Intel(R) PRO/1000 Network Connection
[    4.088967] mptbase: ioc0: Initiating bringup
[    4.184802] ioc0: LSI53C1030 A0: Capabilities={Initiator}
[    4.481417] scsi host2: ioc0: LSI53C1030 A0, FwRev=00000000h, Ports=1, MaxQ=256, IRQ=20
[    4.677659] scsi 2:0:0:0: Direct-Access     VBOX     HARDDISK         1.0  PQ: 0 ANSI: 5
[    5.012189] scsi target2:0:0: Beginning Domain Validation
[    5.039958] e1000 0000:00:08.0 eth1: (PCI:33MHz:32-bit) 08:00:27:5f:63:db
[    5.311379] scsi target2:0:0: Domain Validation skipping write tests
[    5.370466] e1000 0000:00:08.0 eth1: Intel(R) PRO/1000 Network Connection
[    5.527485] scsi target2:0:0: Ending Domain Validation
[    5.557293] scsi target2:0:0: asynchronous
[    5.558480] e1000 0000:00:08.0 enp0s8: renamed from eth1
[    5.563684] scsi 2:0:1:0: Direct-Access     VBOX     HARDDISK         1.0  PQ: 0 ANSI: 5
[    5.624454] e1000 0000:00:03.0 enp0s3: renamed from eth0
[    5.652080] scsi target2:0:1: Beginning Domain Validation
[    5.653664] random: fast init done
[    5.663312] scsi target2:0:1: Domain Validation skipping write tests
[    5.697189] scsi target2:0:1: Ending Domain Validation
[    5.698010] scsi target2:0:1: asynchronous
[    5.701994] random: systemd-udevd: uninitialized urandom read (16 bytes read)
[    5.703009] sd 2:0:0:0: Attached scsi generic sg0 type 0
[    5.703076] random: systemd-udevd: uninitialized urandom read (16 bytes read)
[    5.969521] sd 2:0:0:0: [sda] 20971520 512-byte logical blocks: (10.7 GB/10.0 GiB)
[    5.969716] sd 2:0:1:0: Attached scsi generic sg1 type 0
[    5.972747] random: systemd-udevd: uninitialized urandom read (16 bytes read)
[    5.973520] sd 2:0:0:0: [sda] Write Protect is off
[    5.975286] sd 2:0:1:0: [sdb] 20480 512-byte logical blocks: (10.5 MB/10.0 MiB)
[    5.984726] sd 2:0:0:0: [sda] Incomplete mode parameter data
[    6.058317] sd 2:0:0:0: [sda] Assuming drive cache: write through
[    6.200549] sd 2:0:1:0: [sdb] Write Protect is off
[    6.201428] sd 2:0:1:0: [sdb] Incomplete mode parameter data
[    6.230575] sd 2:0:1:0: [sdb] Assuming drive cache: write through
[    6.369797]  sda: sda1
[    6.572318] sd 2:0:0:0: [sda] Attached SCSI disk
[    6.772994] sd 2:0:1:0: [sdb] Attached SCSI disk
Begin: Loading essential drivers ... [    8.480089] raid6: sse2x1   gen() 12651 MB/s
[    8.576317] raid6: sse2x1   xor()  7633 MB/s
[    8.680248] raid6: sse2x2   gen() 14856 MB/s
[    8.860122] raid6: sse2x2   xor()  9426 MB/s
[    8.910097] raid6: sse2x4   gen() 15591 MB/s
[    9.008115] raid6: sse2x4   xor()  9905 MB/s
[    9.115186] raid6: avx2x1   gen() 21628 MB/s
[    9.279458] raid6: avx2x1   xor() 16097 MB/s
[    9.380102] raid6: avx2x2   gen() 24594 MB/s
[    9.518545] raid6: avx2x2   xor() 16367 MB/s
[    9.712336] raid6: avx2x4   gen() 28846 MB/s
[    9.780165] raid6: avx2x4   xor() 17443 MB/s
[    9.950049] raid6: using algorithm avx2x4 gen() 28846 MB/s
[    9.950751] raid6: .... xor() 17443 MB/s, rmw enabled
[    9.951480] raid6: using avx2x2 recovery algorithm
[    9.953482] xor: automatically using best checksumming function   avx       
[    9.955615] async_tx: api initialized (async)
done.
Begin: Running /scripts/init-premount ... done.
Begin: Mounting[    9.998876] Btrfs loaded, crc32c=crc32c-intel
 root file system ... Begin: Running /scripts/local-top ... done.
Begin: Running /scripts/local-premount ... Scanning for Btrfs filesystems
done.
Warning: fsck not present, so skipping root file system
[   10.185831] EXT4-fs (sda1): mounted filesystem with ordered data mode. Opts: (null)
done.
Begin: Running /scripts/local-bottom ... done.
Begin: Running /scripts/init-bottom ... done.
[   11.919212] ip_tables: (C) 2000-2006 Netfilter Core Team
[   12.659510] random: crng init done
[   12.822977] random: 7 urandom warning(s) missed due to ratelimiting
[   13.162586] systemd[1]: systemd 237 running in system mode. (+PAM +AUDIT +SELINUX +IMA +APPARMOR +SMACK +SYSVINIT +UTMP +LIBCRYPTSETUP +GCRYPT +GNUTLS +ACL +XZ +LZ4 +SECCOMP +BLKID +ELFUTILS +KMOD -IDN2 +IDN -PCRE2 default-hierarchy=hybrid)
[   13.182949] systemd[1]: Detected virtualization oracle.
[   13.183647] systemd[1]: Detected architecture x86-64.

Welcome to [1mUbuntu 18.04.3 LTS[0m!

[   14.619862] systemd[1]: Set hostname to <ubuntu>.
[   14.978131] systemd[1]: Initializing machine ID from random generator.
[   15.062873] systemd[1]: Installed transient /etc/machine-id file.
[   16.120946] systemd[1]: Created slice System Slice.
[[0;32m  OK  [0m] Created slice System Slice.
[   16.315988] systemd[1]: Listening on /dev/initctl Compatibility Named Pipe.
[[0;32m  OK  [0m] Listening on /dev/initctl Compatibility Named Pipe.
[   16.392017] systemd[1]: Listening on Network Service Netlink Socket.
[[0;32m  OK  [0m] Listening on Network Service Netlink Socket.
[   16.421804] systemd[1]: Started Forward Password Requests to Wall Directory Watch.
[[0;32m  OK  [0m] Started Forward Password Requests to Wall Directory Watch.
[[0;32m  OK  [0m] Listening on Journal Socket.
[[0;32m  OK  [0m] Listening on udev Kernel Socket.
         Starting Create list of required stâ€¦ce nodes for the current kernel...
         Starting Load Kernel Modules...
[[0;32m  OK  [0m] Listening on Device-mapper event daemon FIFOs.
         Starting Uncomplicated firewall...
[[0;32m  OK  [0m] Created slice User and Session Slice.
[[0;32m  OK  [0m] Reached target User and Group Name Lookups.
[[0;32m  OK  [0m] Listening on LVM2 metadata daemon socket.
         Starting Monitoring of LVM2 mirrorsâ€¦ng dmeventd or progress polling...
         Mounting POSIX Message Queue File System...
[[0;32m  OK  [0m] Listening on udev Control Socket.
         Starting udev Coldplug all Devices...
         Starting Set the console keyboard layout...
         Mounting Kernel Debug File System...
[[0;32m  OK  [0m] Listening on Journal Socket (/dev/log).
[[0;32m  OK  [0m] Listening on LVM2 poll daemon socket.
[[0;32m  OK  [0m] Listening on Syslog Socket.
[[0;32m  OK  [0m] Created slice system-serial\x2dgetty.slice.
[[0;32m  OK  [0m] Listening on Journal Audit Socket.
         Starting Journal Service...
[[0;32m  OK  [0m] Set up automount Arbitrary Executabâ€¦rmats File System Automount Point.
[   17.255422] Loading iSCSI transport class v2.0-870.
[[0;32m  OK  [0m] Reached target Swap.
         Mounting Huge Pages File System...
[   17.456569] iscsi: registered transport (tcp)
         Starting Remount Root and Kernel File Systems...
[[0;32m  OK  [0m] Reached target Slices.
[[0;32m  OK  [0m] Reached target System Time Synchronized.
[[0;32m  OK  [0m] Started Journal Service.
[[0;32m  OK  [0m] Started Create list of required staâ€¦vice nodes for the current kernel.
[   17.730887] EXT4-fs (sda1): re-mounted. Opts: (null)
[[0;32m  OK  [0m] Started Uncomplicated firewall.
[[0;32m  OK  [0m] Mounted POSIX Message Queue File System.
[[0;32m  OK  [0m] Mounted Kernel Debug File Sy[   17.860570] iscsi: registered transport (iser)
stem.
[[0;32m  OK  [0m] Mounted Huge Pages File System.
[[0;32m  OK  [0m] Started Load Kernel Modules.
[[0;32m  OK  [0m] Started Set the console keyboard layout.
[[0;32m  OK  [0m] Started Remount Root and Kernel File Systems.
[[0;32m  OK  [0m] Started udev Coldplug all Devices.
[[0;32m  OK  [0m] Started LVM2 metadata daemon.
         Starting Load/Save Random Seed...
         Mounting FUSE Control File System...
         Starting Apply Kernel Variables...
         Mounting Kernel Configuration File System...
         Starting Create Static Device Nodes in /dev...
         Starting Flush Journal to Persistent Storage...
[[0;32m  OK  [0m] Started Monitoring of LVM2 mirrors,â€¦sing dmeventd or progress polling.
[[0;32m  OK  [0m] Started Load/Save Random Seed.
[[0;32m  OK  [0m] Mounted FUSE Control File System.
[[0;32m  OK  [0m] Started Apply Kernel Variables.
[[0;32m  OK  [0m] Mounted Kernel Configuration File System.
[[0;32m  OK  [0m] Started Create Static Device Nodes in /dev.
         Starting udev Kernel Device Manager...
[[0;32m  OK  [0m] Reached target Local File Systems (Pre).
[[0;32m  OK  [0m] Reached target Local File Systems.
         Starting AppArmor initialization...
         Starting Tell Plymouth To Write Out Runtime Data...
         Starting Set console font and keymap...
         Starting Commit a transient machine-id on disk...
         Starting ebtables ruleset management...
[[0;32m  OK  [0m] Started udev Kernel Device Manager.
[[0;32m  OK  [0m] Started Tell Plymouth To Write Out Runtime Data.
[[0;32m  OK  [0m] Started Set console font and keymap.
[[0;32m  OK  [0m] Found device /dev/ttyS0.
[[0;32m  OK  [0m] Started Dispatch Password Requests to Console Directory Watch.
[[0;32m  OK  [0m] Reached target Local Encrypted Volumes.
[[0;32m  OK  [0m] Started Flush Journal to Persistent Storage.
[[0;32m  OK  [0m] Started Commit a transient machine-id on disk.
[[0;32m  OK  [0m] Listening on Load/Save RF Kill Switch Status /dev/rfkill Watch.
         Starting Create Volatile Files and Directories...
[[0;32m  OK  [0m] Started ebtables ruleset management.
[[0;32m  OK  [0m] Started Create Volatile Files and Directories.
         Starting Update UTMP about System Boot/Shutdown...
[[0;32m  OK  [0m] Started Update UTMP about System Boot/Shutdown.
[[0;32m  OK  [0m] Started AppArmor initialization.
         Starting Initial cloud-init job (pre-networking)...
[   25.023360] cloud-init[549]: Cloud-init v. 19.2-36-g059d049c-0ubuntu1~18.04.1 running 'init-local' at Sun, 19 Jan 2020 19:30:29 +0000. Up 24.44 seconds.
[[0;32m  OK  [0m] Started Initial cloud-init job (pre-networking).
[[0;32m  OK  [0m] Reached target Network (Pre).
         Starting Network Service...
[[0;32m  OK  [0m] Started Network Service.
         Starting Wait for Network to be Configured...
         Starting Network Name Resolution...
[[0;32m  OK  [0m] Started Network Name Resolution.
[[0;32m  OK  [0m] Reached target Host and Network Name Lookups.
[[0;32m  OK  [0m] Reached target Network.
[[0;32m  OK  [0m] Started Wait for Network to be Configured.
         Starting Initial cloud-init job (metadata service crawler)...
[   27.040026] cloud-init[678]: Cloud-init v. 19.2-36-g059d049c-0ubuntu1~18.04.1 running 'init' at Sun, 19 Jan 2020 19:30:32 +0000. Up 26.90 seconds.
[   27.073165] cloud-init[678]: ci-info: ++++++++++++++++++++++++++++++++++++++Net device info+++++++++++++++++++++++++++++++++++++++
[   27.093153] cloud-init[678]: ci-info: +--------+-------+----------------------------+---------------+--------+-------------------+
[   27.123764] cloud-init[678]: ci-info: | Device |   Up  |          Address           |      Mask     | Scope  |     Hw-Address    |
[   27.164499] cloud-init[678]: ci-info: +--------+-------+----------------------------+---------------+--------+-------------------+
[   27.167870] cloud-init[678]: ci-info: | enp0s3 |  True |         10.0.2.15          | 255.255.255.0 | global | 02:82:7a:7b:51:94 |
[   27.174783] cloud-init[678]: ci-info: | enp0s3 |  True | fe80::82:7aff:fe7b:5194/64 |       .       |  link  | 02:82:7a:7b:51:94 |
[   27.177204] cloud-init[678]: ci-info: | enp0s8 | False |             .              |       .       |   .    | 08:00:27:5f:63:db |
[   27.178562] cloud-init[678]: ci-info: |   lo   |  True |         127.0.0.1          |   255.0.0.0   |  host  |         .         |
[   27.180015] cloud-init[678]: ci-info: |   lo   |  True |          ::1/128           |       .       |  host  |         .         |
[   27.181553] cloud-init[678]: ci-info: +--------+-------+----------------------------+---------------+--------+-------------------+
[   27.182984] cloud-init[678]: ci-info: ++++++++++++++++++++++++++++Route IPv4 info+++++++++++++++++++++++++++++
[   27.188477] cloud-init[678]: ci-info: +-------+-------------+----------+-----------------+-----------+-------+
[   27.227214] cloud-init[678]: ci-info: | Route | Destination | Gateway  |     Genmask     | Interface | Flags |
[   27.228524] cloud-init[678]: ci-info: +-------+-------------+----------+-----------------+-----------+-------+
[   27.272287] cloud-init[678]: ci-info: |   0   |   0.0.0.0   | 10.0.2.2 |     0.0.0.0     |   enp0s3  |   UG  |
[   27.328830] cloud-init[678]: ci-info: |   1   |   10.0.2.0  | 0.0.0.0  |  255.255.255.0  |   enp0s3  |   U   |
[   27.348448] cloud-init[678]: ci-info: |   2   |   10.0.2.2  | 0.0.0.0  | 255.255.255.255 |   enp0s3  |   UH  |
[   27.396576] cloud-init[678]: ci-info: +-------+-------------+----------+-----------------+-----------+-------+
[   27.480395] cloud-init[678]: ci-info: +++++++++++++++++++Route IPv6 info+++++++++++++++++++
[   27.540563] cloud-init[678]: ci-info: +-------+-------------+---------+-----------+-------+
[   27.584632] cloud-init[678]: ci-info: | Route | Destination | Gateway | Interface | Flags |
[   27.620584] cloud-init[678]: ci-info: +-------+-------------+---------+-----------+-------+
[   27.641003] cloud-init[678]: ci-info: |   1   |  fe80::/64  |    ::   |   enp0s3  |   U   |
[   27.668535] cloud-init[678]: ci-info: |   3   |    local    |    ::   |   enp0s3  |   U   |
[   27.671348] cloud-init[678]: ci-info: |   4   |   ff00::/8  |    ::   |   enp0s3  |   U   |
[   27.696954] cloud-init[678]: ci-info: +-------+-------------+---------+-----------+-------+
[   30.732628] cloud-init[678]: Generating public/private rsa key pair.
[   30.770399] cloud-init[678]: Your identification has been saved in /etc/ssh/ssh_host_rsa_key.
[[0;32m  OK  [0m] Started Initial cloud-init job (metadata service crawler).
[[0;32m  OK  [0m] Reached target System Initialization.
[   30.801743] cloud-init[678]: Your public key has been saved in /etc/ssh/ssh_host_rsa_key.pub.
         [   30.848901] Starting LXD - unix socket.cloud-init
[678]: The key fingerprint is:
[[   30.859896] cloud-init[678]: SHA256:zOpQbgsA3ocOogGiKGvWFFquKp22Wg6PY9W29cFtOdk root@ubuntu-bionic
[   30.859978] cloud-init[678]: The key's randomart image is:
[   30.860208] cloud-init[678]: +---[RSA 2048]----+
[   30.860432] cloud-init[678]: |                 |
[   30.860674] cloud-init[678]: |                 |
[   30.860891] cloud-init[678]: |+  o             |
[   30.861121] cloud-init[678]: |*.= o  o         |
[   30.861352] cloud-init[678]: |*+.=... S . +    |
[   30.861589] cloud-init[678]: |+o*o.= o o * E   |
[0;32m  OK  [0m] Listening on UUID daemon activation socket.
[   30.861807] cloud-init[678]: |+=o++ * . o .    |
[[   30.922826] cloud-init[678]: |*B+  * . .       |
[   30.922909] cloud-init[678]: |*++.  o          |
[   30.923141] cloud-init[678]: +----[SHA256]-----+
[   30.923368] cloud-init[678]: Generating public/private dsa key pair.
[0;32m  OK  [0m] Started Message of the Day.
[   30.923493] cloud-init[678]: Your identification has been saved in /etc/ssh/ssh_host_dsa_key.
[[   30.991549] cloud-init[678]: Your public key has been saved in /etc/ssh/ssh_host_dsa_key.pub.
[   30.991694] cloud-init[678]: The key fingerprint is:
[0;32m  OK  [0m] Listening on ACPID Listen Socket.
[   30.991803] cloud-init[678]: SHA256:Q2GwtKRINl0Dq71o4MDieU8hxUEmpIh8a86A6h3DecQ root@ubuntu-bionic
[[   31.036300] cloud-init[678]: The key's randomart image is:
[   31.036428] cloud-init[678]: +---[DSA 1024]----+
[0;32m  OK  [0m] Started Discard unused blocks once a week.
[   31.036547] cloud-init[678]: |  =+o**.o        |
[   31.082519] cloud-init[678]: |+o.o==.= .       |
         [   31.114093] Starting Socket activation for snappy daemon.cloud-init
[678]: |oo..ooo .        |
[[   31.123051] cloud-init[678]: |o .o+  .         |
[   31.123183] cloud-init[678]: |=o.+.E  S        |
[   31.123480] cloud-init[678]: |*.B.+..  .       |
[   31.123786] cloud-init[678]: |.+oO.o           |
[   31.124263] cloud-init[678]: |..o *            |
[   31.124820] cloud-init[678]: | . . .           |
[   31.125195] cloud-init[678]: +----[SHA256]-----+
[0;32m  OK  [0m] [   31.125412] Started ACPI Events Check.cloud-init[678]: 
Generating public/private ecdsa key pair.
[   31.125479] cloud-init[678]: Your identification has been saved in /etc/ssh/ssh_host_ecdsa_key.
[   31.189776] cloud-init[678]: Your public key has been saved in /etc/ssh/ssh_host_ecdsa_key.pub.
[[0;32m  OK  [0m] Reached target Paths.
[   31.189951] cloud-init[678]: The key fingerprint is:
[[   31.244285] cloud-init[678]: SHA256:nkyNbMM5TaAKII9aZGvnT0KvdydLe3NAETii5ASok6Q root@ubuntu-bionic
[   31.244500] cloud-init[678]: The key's randomart image is:
[   31.244783] cloud-init[678]: +---[ECDSA 256]---+
[   31.245104] cloud-init[678]: |o.+.    ....     |
[0;32m  OK  [0m] Started Daily apt download activities.
[   31.245453] cloud-init[678]: |oB .o ..o..      |
[[   31.263670] cloud-init[678]: |=.*+o... ...     |
[   31.263793] cloud-init[678]: |Eo =oo o *.      |
[   31.264314] cloud-init[678]: |..  + o S.o      |
[   31.264618] cloud-init[678]: |     = = +.      |
[   31.264923] cloud-init[678]: |    . o B ..     |
[0;32m  OK  [0m] Started Daily apt upgrade and clean activities.[   31.265168] 
cloud-init[678]: |     . o =o .    |
[[   31.332525] cloud-init[678]: |        o. o     |
[   31.332629] cloud-init[678]: +----[SHA256]-----+
[   31.332853] cloud-init[678]: Generating public/private ed25519 key pair.
[   31.333084] cloud-init[678]: Your identification has been saved in /etc/ssh/ssh_host_ed25519_key.
[   31.333319] cloud-init[678]: Your public key has been saved in /etc/ssh/ssh_host_ed25519_key.pub.
[   31.333550] cloud-init[678]: The key fingerprint is:
[   31.333785] cloud-init[678]: SHA256:bjgbPJUHfoRyvU5fm6H64qWfOlpH6P8KW/0fYYyNwS4 root@ubuntu-bionic
[   31.334022] cloud-init[678]: The key's randomart image is:
[   31.334253] cloud-init[678]: +--[ED25519 256]--+
[0;32m  OK  [0m] Started Daily Cleanup of Temporary Directories.
[[   31.334382] cloud-init[678]: |                 |
[   31.419022] cloud-init[678]: |         o  .    |
[   31.419292] cloud-init[678]: |      . + o  o   |
[   31.419494] cloud-init[678]: |       + + o. *  |
[   31.419713] cloud-init[678]: |        S *E.+o= |
[0;32m  OK  [0m] Reached target Timers.
[   31.419956] cloud-init[678]: |     . + * o.+.+.|
[[   31.469656] cloud-init[678]: |      * o = * +. |
[   31.469760] cloud-init[678]: |       * .oX . ..|
[0;32m  OK  [0m] Listening on Open-iSCSI iscsid Socket.
[   31.469952] cloud-init[678]: |      . .o***o. +|
[[   31.483642] cloud-init[678]: +----[SHA256]-----+
[0;32m  OK  [0m] Listening on D-Bus System Message Bus Socket.
[[0;32m  OK  [0m] Reached target Network is Online.
         Starting Availability of block devices...
[[0;32m  OK  [0m] Reached target Remote File Systems (Pre).
[[0;32m  OK  [0m] Reached target Remote File Systems.
[[0;32m  OK  [0m] Reached target Cloud-config availability.
[[0;32m  OK  [0m] Listening on LXD - unix socket.
[[0;32m  OK  [0m] Listening on Socket activation for snappy daemon.
[[0;32m  OK  [0m] Started Availability of block devices.
[[0;32m  OK  [0m] Reached target Sockets.
[[0;32m  OK  [0m] Reached target Basic System.
[[0;32m  OK  [0m] Started FUSE filesystem for LXC.
         Starting Dispatcher daemon for systemd-networkd...
[[0;32m  OK  [0m] Started Deferred execution scheduler.
         Starting System Logging Service...
         Starting Snappy daemon...
         Starting Virtualbox guest utils...
[[0;32m  OK  [0m] Started Regular background program processing daemon.
         Starting Permit User Sessions...
[[0;32m  OK  [0m] Started D-Bus System Message Bus.
[[0;32m  OK  [0m] Started irqbalance daemon.
         Starting LSB: Record successful boot for GRUB...
         Starting Pollinate to seed the pseudo random number generator...
         Starting Login Service...
         Starting Accounts Service...
         Starting LSB: automatic crash report generation...
         Starting LXD - container startup/shutdown...
[[0;32m  OK  [0m] Started System Logging Service.
[[0;32m  OK  [0m] Started Permit User Sessions.
         Starting Terminate Plymouth Boot Screen...
         Starting Hold until boot process finishes up...
[[0;32m  OK  [0m] Started Terminate Plymouth Boot Screen.
[[0;32m  OK  [0m] Started Hold until boot process finishes up.
         Starting Set console scheme...
[[0;32m  OK  [0m] Started Serial Getty on ttyS0.
[[0;32m  OK  [0m] Started Login Service.
[[0;32m  OK  [0m] Started Unattended Upgrades Shutdown.
[[0;32m  OK  [0m] Started Set console scheme.
[[0;32m  OK  [0m] Started Dispatcher daemon for systemd-networkd.
[[0;32m  OK  [0m] Created slice system-getty.slice.
[[0;32m  OK  [0m] Started Getty on tty1.
[[0;32m  OK  [0m] Reached target Login Prompts.
[[0;32m  OK  [0m] Started LSB: automatic crash report generation.
[[0;32m  OK  [0m] Started LSB: Record successful boot for GRUB.
         Starting Authorization Manager...
[[0;32m  OK  [0m] Started Virtualbox guest utils.
[[0;32m  OK  [0m] Started Authorization Manager.
[[0;32m  OK  [0m] Started Accounts Service.
[[0;32m  OK  [0m] Started LXD - container startup/shutdown.
[[0;32m  OK  [0m] Started Snappy daemon.
         Starting Wait until snapd is fully seeded...
[[0;32m  OK  [0m] Started Pollinate to seed the pseudo random number generator.
         Starting OpenBSD Secure Shell server...
[[0;32m  OK  [0m] Started OpenBSD Secure Shell server.
[[0;32m  OK  [0m] Created slice User Slice of vagrant.
         Starting User Manager for UID 1000...
[[0;32m  OK  [0m] Started Session 1 of user vagrant.
[[0;32m  OK  [0m] Started User Manager for UID 1000.

Ubuntu 18.04.3 LTS ubuntu-bionic ttyS0

ubuntu-bionic login: [   44.101132] cloud-init[1403]: Cloud-init v. 19.2-36-g059d049c-0ubuntu1~18.04.1 running 'modules:config' at Sun, 19 Jan 2020 19:30:46 +0000. Up 40.76 seconds.
ci-info: no authorized ssh keys fingerprints found for user ubuntu.
<14>Jan 19 19:30:50 ec2: 
<14>Jan 19 19:30:50 ec2: #############################################################
<14>Jan 19 19:30:50 ec2: -----BEGIN SSH HOST KEY FINGERPRINTS-----
<14>Jan 19 19:30:50 ec2: 1024 SHA256:Q2GwtKRINl0Dq71o4MDieU8hxUEmpIh8a86A6h3DecQ root@ubuntu-bionic (DSA)
<14>Jan 19 19:30:50 ec2: 256 SHA256:nkyNbMM5TaAKII9aZGvnT0KvdydLe3NAETii5ASok6Q root@ubuntu-bionic (ECDSA)
<14>Jan 19 19:30:50 ec2: 256 SHA256:bjgbPJUHfoRyvU5fm6H64qWfOlpH6P8KW/0fYYyNwS4 root@ubuntu-bionic (ED25519)
<14>Jan 19 19:30:50 ec2: 2048 SHA256:zOpQbgsA3ocOogGiKGvWFFquKp22Wg6PY9W29cFtOdk root@ubuntu-bionic (RSA)
<14>Jan 19 19:30:50 ec2: -----END SSH HOST KEY FINGERPRINTS-----
<14>Jan 19 19:30:50 ec2: #############################################################
-----BEGIN SSH HOST KEY KEYS-----
ecdsa-sha2-nistp256 AAAAE2VjZHNhLXNoYTItbmlzdHAyNTYAAAAIbmlzdHAyNTYAAABBBOvsPhCeP2LYCEzgjgDYT3G4h4qqjIQTmP0iymAy6B39iE55NXFXcZDpIBrfIQFYhpEuFsE9uhzoYTSr4OyAmH8= root@ubuntu-bionic
ssh-ed25519 AAAAC3NzaC1lZDI1NTE5AAAAIDHtLuqcMYN6VsJTCxbyOzXopONnxKtpn5yzrCCmuxJg root@ubuntu-bionic
ssh-rsa AAAAB3NzaC1yc2EAAAADAQABAAABAQD22EjwEexehT/YNRDcbhkqjE877JLYNpB4Tc5HDaIb321PYZ83Yn+WxYaZKMi78pQv2MqAqgVWp30UOvWipfiEaIPp7Ewcv1FHYwZNzdMCxBoApvrdw1aRjuIfdpaXnKepqgVi/Yq6x5XFfRoAbd0pQl9Kq3N2uqBKueJH1Qug0AXuUzFc10z03TuPWbsUWIYuAaZkjT0Wz2logfJzoeDc8Lqd874hupmHOm0HpXxKGiot09ouTCAPREH1LugQPZyzn6ToI44GlvTy4swsahcQe+sLpnMLt3yUOCV0TEtJr9f5rAoPadKD5G9alOD6sn0aukvXdgzo1a58t9/zhecf root@ubuntu-bionic
-----END SSH HOST KEY KEYS-----
[   44.983908] cloud-init[1606]: Cloud-init v. 19.2-36-g059d049c-0ubuntu1~18.04.1 running 'modules:final' at Sun, 19 Jan 2020 19:30:49 +0000. Up 44.48 seconds.
[   44.984058] cloud-init[1606]: ci-info: no authorized ssh keys fingerprints found for user ubuntu.
[   44.984110] cloud-init[1606]: Cloud-init v. 19.2-36-g059d049c-0ubuntu1~18.04.1 finished at Sun, 19 Jan 2020 19:30:50 +0000. Datasource DataSourceNoCloud [seed=/dev/sdb][dsmode=net].  Up 44.97 seconds
